({"id":0,"title":"+213","citolytics":[{"title":".dz","score":0.13963683610559377},{"title":"The World Factbook","score":0.110231872008189},{"title":"الجزائر.","score":0.13963683610559377}]})
({"id":0,"title":".dz","citolytics":[{"title":"الجزائر.","score":1.0},{"title":"The World Factbook","score":0.2317964963721311},{"title":"+213","score":0.13963683610559377}]})
({"id":0,"title":"Abbasid","citolytics":[{"title":"Berber people","score":0.6037236440305556},{"title":"Umayyad","score":0.5528653266601344},{"title":"Fatimid","score":0.3908960907740599}]})
({"id":0,"title":"Abdelaziz Bouteflika","citolytics":[{"title":"President of Algeria","score":0.4762404184954215},{"title":"Semi-presidential system","score":0.18885258163187676},{"title":"Prime Minister of Algeria","score":0.25639893953342285}]})
({"id":0,"title":"Abdelmalek Sellal","citolytics":[{"title":"Parliament of Algeria","score":0.2525693498435531},{"title":"Council of the Nation","score":0.12870910020160597},{"title":"Prime Minister of Algeria","score":0.16898885412851572}]})
({"id":0,"title":"Africa","citolytics":[{"title":"List of countries by natural gas proven reserves","score":0.30566006942301716},{"title":"Natural gas","score":0.13541347464496334},{"title":"OPEC","score":0.09590215385514245}]})
({"id":0,"title":"African Union","citolytics":[{"title":"Arab League","score":0.30831702843397063},{"title":"Algiers","score":0.09189319481853797},{"title":"OPEC","score":0.23853172023967395}]})
({"id":0,"title":"Algeria and weapons of mass destruction","citolytics":[{"title":"OPEC","score":0.06917985068754455},{"title":"African Union","score":0.05892084175643352},{"title":"Natural gas","score":0.052104822930468364}]})
({"id":0,"title":"Algerian Arabic","citolytics":[{"title":"Berber languages","score":1.0},{"title":"Literary Arabic","score":0.2525693498435531},{"title":"Kabylie","score":0.05972882642479548}]})
({"id":0,"title":"Algerian War","citolytics":[{"title":"France","score":0.3908960907740599},{"title":"People's National Assembly","score":0.2161128949159702},{"title":"Council of the Nation","score":0.11157796434581238}]})
({"id":0,"title":"Algerian dinar","citolytics":[{"title":"Central European Time","score":0.13963683610559377},{"title":"Demographics of Algeria","score":0.08066138432699853},{"title":"UTC+01","score":0.10472745010438439}]})
({"id":0,"title":"Algiers Province","citolytics":[{"title":"Djelfa Province","score":0.12870910020160597},{"title":"University of Algiers","score":0.02855723281966877},{"title":"Arabic","score":0.01873390285847339}]})
({"id":0,"title":"Algiers","citolytics":[{"title":"Mediterranean Sea","score":0.18306678256073913},{"title":"North Africa","score":0.11493623569789367},{"title":"Arab Maghreb Union","score":0.12772273356773256}]})
({"id":0,"title":"Almohads","citolytics":[{"title":"Ottoman Turks","score":1.002772559011561},{"title":"Almoravids","score":0.7873180015986007},{"title":"Berber people","score":0.893088256036981}]})
({"id":0,"title":"Almoravids","citolytics":[{"title":"Berber people","score":1.6491243143513863},{"title":"Almohads","score":0.7873180015986007},{"title":"Fatimid","score":0.3936446631076329}]})
({"id":0,"title":"Amazigh","citolytics":[{"title":"Geiseric","score":0.056868542532869076},{"title":"Roman Empire","score":0.03583446712551212},{"title":"Almoravids","score":0.03131164631350705}]})
({"id":0,"title":"Ancient Rome","citolytics":[{"title":"Punic","score":1.0},{"title":"Berber people","score":0.42673730326545395},{"title":"Vandals","score":0.5528653266601344}]})
({"id":0,"title":"Annaba","citolytics":[{"title":"Hippo Regius","score":0.5528653266601344},{"title":"Rusicade","score":0.5528653266601344},{"title":"Skikda","score":0.30566006942301716}]})
({"id":0,"title":"Arab League","citolytics":[{"title":"OPEC","score":0.5692007776771104},{"title":"Arab Maghreb Union","score":0.11157796434581238},{"title":"African Union","score":0.30831702843397063}]})
({"id":0,"title":"Arab Maghreb Union","citolytics":[{"title":"OPEC","score":0.14369988029495762},{"title":"Arab League","score":0.11157796434581238},{"title":"Algiers","score":0.12772273356773256}]})
({"id":0,"title":"Arabic","citolytics":[{"title":"African Union","score":0.0865622744533138},{"title":"Berber language","score":0.06731818524429418},{"title":"Central Intelligence Agency","score":0.058873695480904556}]})
({"id":0,"title":"Aterian","citolytics":[{"title":"Capsian culture","score":0.557301398565455},{"title":"Proto-Berber language","score":0.25702566041395003},{"title":"Bir el Ater","score":0.22049595877566877}]})
({"id":0,"title":"Authoritarian regime","citolytics":[{"title":"Democracy Index","score":0.2525693498435531},{"title":"Hydrocarbons","score":0.16898885412851572},{"title":"Dutch disease","score":0.08870869129600217}]})
({"id":0,"title":"Berber language","citolytics":[{"title":"Central Intelligence Agency","score":0.1472804921131163},{"title":"Arabic","score":0.06731818524429418},{"title":"French language","score":0.07115879872709287}]})
({"id":0,"title":"Berber languages","citolytics":[{"title":"Algerian Arabic","score":1.0},{"title":"Kabylie","score":0.057900175912243404},{"title":"Literary Arabic","score":0.2161128949159702}]})
({"id":0,"title":"Berber people","citolytics":[{"title":"Almoravids","score":1.6491243143513863},{"title":"Almohads","score":0.893088256036981},{"title":"Fatimid","score":1.398293567720919}]})
({"id":0,"title":"Bir el Ater","citolytics":[{"title":"Tebessa","score":0.2525693498435531},{"title":"Iberomaurusian","score":0.09872837150319083},{"title":"Aterian","score":0.22049595877566877}]})
({"id":0,"title":"Byzantine Empire","citolytics":[{"title":"Vandals","score":1.0},{"title":"Berber people","score":0.4412239250044783},{"title":"Umayyad","score":0.5528653266601344}]})
({"id":0,"title":"Capsian culture","citolytics":[{"title":"Aterian","score":0.557301398565455},{"title":"Proto-Berber language","score":0.3908960907740599},{"title":"Berber people","score":0.1849048301720007}]})
({"id":0,"title":"Carthage","citolytics":[{"title":"Punic Wars","score":0.16898885412851572},{"title":"Mauretania","score":0.03588247174735612},{"title":"Numidia","score":0.0485337613764718}]})
({"id":0,"title":"Carthaginians","citolytics":[{"title":"Phoenicia","score":0.11157796434581238},{"title":"Cherchell","score":0.07404615349970213},{"title":"Tipasa","score":0.08447768578851796}]})
({"id":0,"title":"Central European Time","citolytics":[{"title":"UTC+01","score":0.30566006942301716},{"title":"Algerian dinar","score":0.13963683610559377},{"title":"Demographics of Algeria","score":0.1527997537824421}]})
({"id":0,"title":"Central Intelligence Agency","citolytics":[{"title":"The World Factbook","score":0.41991895745373775},{"title":"French language","score":0.12764113156598958},{"title":"Berber language","score":0.1472804921131163}]})
({"id":0,"title":"Cherchell","citolytics":[{"title":"Hippo Regius","score":0.3908960907740599},{"title":"Tipasa","score":0.3908960907740599},{"title":"Annaba","score":0.2525693498435531}]})
({"id":0,"title":"Cholera","citolytics":[{"title":"Typhoid fever","score":1.0},{"title":"Dysentery","score":0.5528653266601344},{"title":"Measles","score":0.5528653266601344}]})
({"id":0,"title":"Council of the Nation","citolytics":[{"title":"Parliament of Algeria","score":0.2161128949159702},{"title":"People's National Assembly","score":0.18942669227792613},{"title":"Abdelmalek Sellal","score":0.12870910020160597}]})
({"id":0,"title":"Democracy Index","citolytics":[{"title":"Authoritarian regime","score":0.2525693498435531},{"title":"President of Algeria","score":0.10241289872185405},{"title":"Hydrocarbons","score":0.11157796434581238}]})
({"id":0,"title":"Demographics of Algeria","citolytics":[{"title":"UTC+01","score":0.2525693498435531},{"title":"Central European Time","score":0.1527997537824421},{"title":"Algerian dinar","score":0.08066138432699853}]})
({"id":0,"title":"Djelfa Province","citolytics":[{"title":"Algiers Province","score":0.12870910020160597},{"title":"Arabic","score":0.020308634148164622},{"title":"University of Algiers","score":0.033553986965846015}]})
({"id":0,"title":"Dutch disease","citolytics":[{"title":"Hydrocarbons","score":0.1527997537824421},{"title":"Democracy Index","score":0.07115879872709287},{"title":"Authoritarian regime","score":0.08870869129600217}]})
({"id":0,"title":"Dysentery","citolytics":[{"title":"Cholera","score":0.5528653266601344},{"title":"Typhoid fever","score":0.3908960907740599},{"title":"Measles","score":0.30566006942301716}]})
({"id":0,"title":"Fatimid","citolytics":[{"title":"Berber people","score":1.398293567720919},{"title":"Almoravids","score":0.3936446631076329},{"title":"Abbasid","score":0.3908960907740599}]})
({"id":0,"title":"First Punic War","citolytics":[{"title":"Mercenary War","score":0.06850506775542728},{"title":"Carthage","score":0.033553986965846015},{"title":"Punic Wars","score":0.03859253446908639}]})
({"id":0,"title":"Flake tool","citolytics":[{"title":"Middle Paleolithic","score":0.3908960907740599},{"title":"Bir el Ater","score":0.08870869129600217},{"title":"Aterian","score":0.13320649541357438}]})
({"id":0,"title":"France","citolytics":[{"title":"Algerian War","score":0.3908960907740599},{"title":"Council of the Nation","score":0.09342807803968366},{"title":"People's National Assembly","score":0.1527997537824421}]})
({"id":0,"title":"French Algeria","citolytics":[{"title":"Berber people","score":0.4326184930718536},{"title":"Ottoman Turks","score":0.3908960907740599},{"title":"Almohads","score":0.3084399133023131}]})
({"id":0,"title":"French language","citolytics":[{"title":"Sunni Islam","score":0.1527997537824421},{"title":"Central Intelligence Agency","score":0.12764113156598958},{"title":"Berber language","score":0.07115879872709287}]})
({"id":0,"title":"Geiseric","citolytics":[{"title":"Amazigh","score":0.056868542532869076},{"title":"Roman Empire","score":0.037874076662478946},{"title":"Almoravids","score":0.02329793711045851}]})
({"id":0,"title":"Green Sahara","citolytics":[{"title":"Saïda Province","score":0.1527997537824421},{"title":"Mousterian","score":0.04904395959095727},{"title":"Levallois technique","score":0.05458349336173471}]})
({"id":0,"title":"Hepatitis","citolytics":[{"title":"Measles","score":1.0},{"title":"Tuberculosis","score":0.5528653266601344},{"title":"Typhoid fever","score":0.5528653266601344}]})
({"id":0,"title":"Hippo Regius","citolytics":[{"title":"Annaba","score":0.5528653266601344},{"title":"Rusicade","score":0.30566006942301716},{"title":"Cherchell","score":0.3908960907740599}]})
({"id":0,"title":"Hydrocarbons","citolytics":[{"title":"Authoritarian regime","score":0.16898885412851572},{"title":"Democracy Index","score":0.11157796434581238},{"title":"Dutch disease","score":0.1527997537824421}]})
({"id":0,"title":"Iberomaurusian","citolytics":[{"title":"Oran","score":0.30566006942301716},{"title":"Bir el Ater","score":0.09872837150319083},{"title":"Tebessa","score":0.13963683610559377}]})
({"id":0,"title":"Islam in Algeria","citolytics":[{"title":"Unitary state","score":0.2161128949159702},{"title":"Republic","score":0.13963683610559377},{"title":"Semi-presidential system","score":0.17282333030357652}]})
({"id":0,"title":"Kabylie","citolytics":[{"title":"Literary Arabic","score":0.07115879872709287},{"title":"Berber languages","score":0.057900175912243404},{"title":"Algerian Arabic","score":0.05972882642479548}]})
({"id":0,"title":"Kassaman","citolytics":[{"title":"African Union","score":0.025600158244582845},{"title":"Central Intelligence Agency","score":0.0207559206658305},{"title":"Arabic","score":0.020542043083411742}]})
({"id":0,"title":"Levallois technique","citolytics":[{"title":"Mousterian","score":0.30566006942301716},{"title":"Saïda Province","score":0.07404615349970213},{"title":"Levant","score":0.11948132624318517}]})
({"id":0,"title":"Levant","citolytics":[{"title":"Mousterian","score":0.16898885412851572},{"title":"Levallois technique","score":0.11948132624318517},{"title":"Saïda Province","score":0.05031188411585455}]})
({"id":0,"title":"Libya","citolytics":[{"title":"Tunisia","score":0.30566006942301716},{"title":"Morocco","score":0.2551872048396909},{"title":"Western Sahara","score":0.12870910020160597}]})
({"id":0,"title":"List of countries and dependencies by area","citolytics":[{"title":"Algiers","score":0.10897407306565006},{"title":"Mediterranean Sea","score":0.09056963966420375},{"title":"North Africa","score":0.05618879413168853}]})
({"id":0,"title":"List of countries by natural gas proven reserves","citolytics":[{"title":"Africa","score":0.30566006942301716},{"title":"Sonatrach","score":0.09872837150319083},{"title":"Natural gas","score":0.15425936936385864}]})
({"id":0,"title":"List of countries by number of military and paramilitary personnel","citolytics":[{"title":"Natural gas","score":0.12584307624315186},{"title":"OPEC","score":0.0596236523171417},{"title":"Sonatrach","score":0.11157796434581238}]})
({"id":0,"title":"List of countries by proven oil reserves","citolytics":[{"title":"OPEC","score":0.40734595602482865},{"title":"Africa","score":0.08870869129600217},{"title":"Natural gas","score":0.1297053439179558}]})
({"id":0,"title":"Literary Arabic","citolytics":[{"title":"Algerian Arabic","score":0.2525693498435531},{"title":"Kabylie","score":0.07115879872709287},{"title":"Berber languages","score":0.2161128949159702}]})
({"id":0,"title":"Maghreb","citolytics":[{"title":"North Africa","score":0.39450171709618687},{"title":"Mediterranean Sea","score":0.21646890216986328},{"title":"Algiers","score":0.11400301776536267}]})
({"id":0,"title":"Mali","citolytics":[{"title":"Mauritania","score":0.5528653266601344},{"title":"Niger","score":0.2525693498435531},{"title":"Western Sahara","score":0.30566006942301716}]})
({"id":0,"title":"Massinissa","citolytics":[{"title":"Almoravids","score":0.1314388047264045},{"title":"Almohads","score":0.10746419704548843},{"title":"Morocco","score":0.05563800359563305}]})
({"id":0,"title":"Mauretania","citolytics":[{"title":"Moulouya River","score":0.30566006942301716},{"title":"Morocco","score":0.15544791380541423},{"title":"Numidia","score":0.12226604982055715}]})
({"id":0,"title":"Mauritania","citolytics":[{"title":"Mali","score":0.5528653266601344},{"title":"Western Sahara","score":0.5528653266601344},{"title":"Niger","score":0.18942669227792613}]})
({"id":0,"title":"Measles","citolytics":[{"title":"Hepatitis","score":1.0},{"title":"Cholera","score":0.5528653266601344},{"title":"Typhoid fever","score":1.0}]})
({"id":0,"title":"Mediterranean Sea","citolytics":[{"title":"North Africa","score":0.3254982438869922},{"title":"Maghreb","score":0.21646890216986328},{"title":"Niger","score":0.2378632982749519}]})
({"id":0,"title":"Mercenary War","citolytics":[{"title":"First Punic War","score":0.06850506775542728},{"title":"Punic Wars","score":0.02711470473996102},{"title":"Carthage","score":0.02465496433314704}]})
({"id":0,"title":"Middle Paleolithic","citolytics":[{"title":"Flake tool","score":0.3908960907740599},{"title":"Bir el Ater","score":0.07720036500730675},{"title":"Aterian","score":0.10924569756037057}]})
({"id":0,"title":"Morocco","citolytics":[{"title":"Moulouya River","score":0.2552087738551955},{"title":"Western Sahara","score":0.21875449706435213},{"title":"Libya","score":0.2551872048396909}]})
({"id":0,"title":"Moulouya River","citolytics":[{"title":"Mauretania","score":0.30566006942301716},{"title":"Numidia","score":0.09620306073457113},{"title":"Morocco","score":0.2552087738551955}]})
({"id":0,"title":"Mousterian","citolytics":[{"title":"Levallois technique","score":0.30566006942301716},{"title":"Saïda Province","score":0.06379127648039512},{"title":"Levant","score":0.16898885412851572}]})
({"id":0,"title":"Muhammad al-Idrisi","citolytics":[{"title":"Green Sahara","score":0.04670478334896117},{"title":"Algiers","score":0.038050076983529524},{"title":"Saïda Province","score":0.03859253446908639}]})
({"id":0,"title":"Natural gas","citolytics":[{"title":"Sonatrach","score":0.5853733004170028},{"title":"List of countries by natural gas proven reserves","score":0.15425936936385864},{"title":"OPEC","score":0.17533695643685465}]})
({"id":0,"title":"Niger","citolytics":[{"title":"Mali","score":0.2525693498435531},{"title":"Mediterranean Sea","score":0.2378632982749519},{"title":"Mauritania","score":0.18942669227792613}]})
({"id":0,"title":"North Africa","citolytics":[{"title":"Maghreb","score":0.39450171709618687},{"title":"Algiers","score":0.11493623569789367},{"title":"Mediterranean Sea","score":0.3254982438869922}]})
({"id":0,"title":"Numidia","citolytics":[{"title":"Phoenecians","score":1.0028169004783265},{"title":"Berber people","score":0.5941857490956074},{"title":"Punic","score":0.39371801332963946}]})
({"id":0,"title":"OPEC","citolytics":[{"title":"Arab League","score":0.5692007776771104},{"title":"African Union","score":0.23853172023967395},{"title":"List of countries by proven oil reserves","score":0.40734595602482865}]})
({"id":0,"title":"Oran","citolytics":[{"title":"Iberomaurusian","score":0.30566006942301716},{"title":"Maghreb","score":0.10838085216101799},{"title":"Tebessa","score":0.10472745010438439}]})
({"id":0,"title":"Ottoman Turks","citolytics":[{"title":"Almohads","score":1.002772559011561},{"title":"French Algeria","score":0.3908960907740599},{"title":"Berber people","score":0.6770272651762427}]})
({"id":0,"title":"Parliament of Algeria","citolytics":[{"title":"Abdelmalek Sellal","score":0.2525693498435531},{"title":"People's National Assembly","score":0.11157796434581238},{"title":"Council of the Nation","score":0.2161128949159702}]})
({"id":0,"title":"People's National Assembly","citolytics":[{"title":"Algerian War","score":0.2161128949159702},{"title":"Council of the Nation","score":0.18942669227792613},{"title":"France","score":0.1527997537824421}]})
({"id":0,"title":"Phoenecians","citolytics":[{"title":"Numidia","score":1.0028169004783265},{"title":"Berber people","score":0.5029553238037112},{"title":"Punic","score":0.5528653266601344}]})
({"id":0,"title":"Phoenicia","citolytics":[{"title":"Tipasa","score":0.2525693498435531},{"title":"Cherchell","score":0.16898885412851572},{"title":"Hippo Regius","score":0.12870910020160597}]})
({"id":0,"title":"President of Algeria","citolytics":[{"title":"Abdelaziz Bouteflika","score":0.4762404184954215},{"title":"Republic","score":0.3093946881403487},{"title":"Semi-presidential system","score":0.276817113180031}]})
({"id":0,"title":"Prime Minister of Algeria","citolytics":[{"title":"Abdelaziz Bouteflika","score":0.25639893953342285},{"title":"Abdelmalek Sellal","score":0.16898885412851572},{"title":"President of Algeria","score":0.13251445867860628}]})
({"id":0,"title":"Proto-Berber language","citolytics":[{"title":"Capsian culture","score":0.3908960907740599},{"title":"Aterian","score":0.25702566041395003},{"title":"Berber people","score":0.20799595946528868}]})
({"id":0,"title":"Punic Wars","citolytics":[{"title":"Carthage","score":0.16898885412851572},{"title":"Numidia","score":0.04152460368321856},{"title":"First Punic War","score":0.03859253446908639}]})
({"id":0,"title":"Punic","citolytics":[{"title":"Ancient Rome","score":1.0},{"title":"Berber people","score":0.438191656836646},{"title":"Phoenecians","score":0.5528653266601344}]})
({"id":0,"title":"Republic","citolytics":[{"title":"Semi-presidential system","score":0.5567494224780837},{"title":"Unitary state","score":0.30566006942301716},{"title":"President of Algeria","score":0.3093946881403487}]})
({"id":0,"title":"Roman Empire","citolytics":[{"title":"Massinissa","score":0.04670478334896117},{"title":"Almohads","score":0.03792273823111633},{"title":"Almoravids","score":0.039832179295094465}]})
({"id":0,"title":"Rusicade","citolytics":[{"title":"Annaba","score":0.5528653266601344},{"title":"Hippo Regius","score":0.30566006942301716},{"title":"Skikda","score":0.5528653266601344}]})
({"id":0,"title":"Saïda Province","citolytics":[{"title":"Green Sahara","score":0.1527997537824421},{"title":"Levallois technique","score":0.07404615349970213},{"title":"Mousterian","score":0.06379127648039512}]})
({"id":0,"title":"Semi-presidential system","citolytics":[{"title":"Republic","score":0.5567494224780837},{"title":"President of Algeria","score":0.276817113180031},{"title":"Unitary state","score":0.5567294082873379}]})
({"id":0,"title":"Skikda","citolytics":[{"title":"Rusicade","score":0.5528653266601344},{"title":"Annaba","score":0.30566006942301716},{"title":"Hippo Regius","score":0.2161128949159702}]})
({"id":0,"title":"Sonatrach","citolytics":[{"title":"Natural gas","score":0.5853733004170028},{"title":"List of countries by number of military and paramilitary personnel","score":0.11157796434581238},{"title":"List of countries by natural gas proven reserves","score":0.09872837150319083}]})
({"id":0,"title":"Sunni Islam","citolytics":[{"title":"French language","score":0.1527997537824421},{"title":"Central Intelligence Agency","score":0.08243968551143925},{"title":"Algiers","score":0.08159431442939775}]})
({"id":0,"title":"Tamaziɣt","citolytics":[{"title":"Semi-presidential system","score":0.1435616431074933},{"title":"Berber people","score":0.12115346956601375},{"title":"French Algeria","score":0.051653144884638236}]})
({"id":0,"title":"Tassili n'Ajjer","citolytics":[{"title":"Berber people","score":0.06836556607121061},{"title":"Maghreb","score":0.036935945109624474},{"title":"Wiley-Blackwell","score":0.04012217524381974}]})
({"id":0,"title":"Tebessa","citolytics":[{"title":"Bir el Ater","score":0.2525693498435531},{"title":"Aterian","score":0.1330597256728938},{"title":"Iberomaurusian","score":0.13963683610559377}]})
({"id":0,"title":"The World Factbook","citolytics":[{"title":"Central Intelligence Agency","score":0.41991895745373775},{"title":".dz","score":0.2317964963721311},{"title":"الجزائر.","score":0.2317964963721311}]})
({"id":0,"title":"Timgad","citolytics":[{"title":"Wiley-Blackwell","score":0.1527997537824421},{"title":"Carthaginians","score":0.06168758770612039},{"title":"Berber people","score":0.07987967232084509}]})
({"id":0,"title":"Tipasa","citolytics":[{"title":"Cherchell","score":0.3908960907740599},{"title":"Hippo Regius","score":0.2161128949159702},{"title":"Phoenicia","score":0.2525693498435531}]})
({"id":0,"title":"Tuberculosis","citolytics":[{"title":"Hepatitis","score":0.5528653266601344},{"title":"Typhoid fever","score":0.30566006942301716},{"title":"Measles","score":0.3908960907740599}]})
({"id":0,"title":"Tunisia","citolytics":[{"title":"Libya","score":0.30566006942301716},{"title":"Western Sahara","score":0.09872837150319083},{"title":"Morocco","score":0.15540908780990156}]})
({"id":0,"title":"Typhoid fever","citolytics":[{"title":"Cholera","score":1.0},{"title":"Measles","score":1.0},{"title":"Hepatitis","score":0.5528653266601344}]})
({"id":0,"title":"UTC+01","citolytics":[{"title":"Central European Time","score":0.30566006942301716},{"title":"Demographics of Algeria","score":0.2525693498435531},{"title":"Algerian dinar","score":0.10472745010438439}]})
({"id":0,"title":"Umayyad","citolytics":[{"title":"Abbasid","score":0.5528653266601344},{"title":"Byzantine Empire","score":0.5528653266601344},{"title":"Berber people","score":0.4922932296839774}]})
({"id":0,"title":"Unitary state","citolytics":[{"title":"Semi-presidential system","score":0.5567294082873379},{"title":"Republic","score":0.30566006942301716},{"title":"Islam in Algeria","score":0.2161128949159702}]})
({"id":0,"title":"University of Abou Bekr Belkaïd","citolytics":[{"title":"University of Oran","score":0.16898885412851572},{"title":"University of Mentouri","score":0.11157796434581238},{"title":"University of Batna","score":0.1527997537824421}]})
({"id":0,"title":"University of Algiers","citolytics":[{"title":"Arabic","score":0.036540596602462616},{"title":"Djelfa Province","score":0.033553986965846015},{"title":"Algiers Province","score":0.02855723281966877}]})
({"id":0,"title":"University of Batna","citolytics":[{"title":"University of Abou Bekr Belkaïd","score":0.1527997537824421},{"title":"University of Oran","score":0.08870869129600217},{"title":"University of Mentouri","score":0.07115879872709287}]})
({"id":0,"title":"University of Mentouri","citolytics":[{"title":"University of Oran","score":0.2525693498435531},{"title":"University of Sciences and Technology Houari Boumediene","score":0.1527997537824421},{"title":"University of Abou Bekr Belkaïd","score":0.11157796434581238}]})
({"id":0,"title":"University of Oran","citolytics":[{"title":"University of Mentouri","score":0.2525693498435531},{"title":"University of Abou Bekr Belkaïd","score":0.16898885412851572},{"title":"University of Sciences and Technology Houari Boumediene","score":0.10472745010438439}]})
({"id":0,"title":"University of Sciences and Technology Houari Boumediene","citolytics":[{"title":"University of Mentouri","score":0.1527997537824421},{"title":"University of Oran","score":0.10472745010438439},{"title":"University of Abou Bekr Belkaïd","score":0.07115879872709287}]})
({"id":0,"title":"Vandals","citolytics":[{"title":"Byzantine Empire","score":1.0},{"title":"Ancient Rome","score":0.5528653266601344},{"title":"Berber people","score":0.4289649296260187}]})
({"id":0,"title":"Western Sahara","citolytics":[{"title":"Mauritania","score":0.5528653266601344},{"title":"Mali","score":0.30566006942301716},{"title":"Morocco","score":0.21875449706435213}]})
({"id":0,"title":"Wiley-Blackwell","citolytics":[{"title":"Timgad","score":0.1527997537824421},{"title":"Carthaginians","score":0.047843376511650604},{"title":"Berber people","score":0.11623261173084481}]})
({"id":0,"title":"الجزائر.","citolytics":[{"title":".dz","score":1.0},{"title":"The World Factbook","score":0.2317964963721311},{"title":"+213","score":0.13963683610559377}]})